P sh
R /

# DO NOT LOOK IN THESE FOLDERS
! proc

# DIRECTORIES TO BE EXCLUDED FROM BACKUP  

# PLEX (.DEB)
- var/lib/plexmediaserver/Library/Application Support/Plex Media Server/Cache
- var/lib/plexmediaserver/Library/Application Support/Plex Media Server/Crash Reports
- var/lib/plexmediaserver/Library/Application Support/Plex Media Server/Diagnostics
- var/lib/plexmediaserver/Library/Application Support/Plex Media Server/Logs

# PLEX (SNAP)
# - var/snap/plexmediaserver/common/Library/Application Support/Plex Media Server/Cache
# - var/snap/plexmediaserver/common/Library/Application Support/Plex Media Server/Crash Reports
# - var/snap/plexmediaserver/common/Library/Application Support/Plex Media Server/Diagnostics
# - var/snap/plexmediaserver/common/Library/Application Support/Plex Media Server/Logs

# NEXTCLOUD
- var/snap/nextcloud/common/nextcloud/data/*/files_trashbin

# DIRECTORIES FOR BACKUP 

# PLEX (.DEB)
+ var/lib/plexmediaserver/Library/Application Support/Plex Media Server

# PLEX (SNAP)
# + var/snap/plexmediaserver/common/Library/Application Support/Plex Media Server/

# NEXTCLOUD - SETTINGS
+ var/snap/nextcloud/common/backups/*.tar.gz

# DATA DIRECTORY. IF YOU HAVE MOVED YOUR ./nextcloud/data FOLDER TO ANOTHER LOCATION, CHANGE THE PATH BELOW
+ var/snap/nextcloud/common/nextcloud/data

# DO NOT INCLUDE ANY MORE FILES
- **
