P sh
R /

# NÃO OLHE NESTAS PASTAS
! proc

# DIRETÓRIOS A SEREM EXCLUIDOS DO BACKUP  

# PLEX (.DEB)
- /var/lib/plexmediaserver/Library/Application Support/Plex Media Server/Cache
- /var/lib/plexmediaserver/Library/Application Support/Plex Media Server/Crash Reports
- /var/lib/plexmediaserver/Library/Application Support/Plex Media Server/Diagnostics
- /var/lib/plexmediaserver/Library/Application Support/Plex Media Server/Logs

# PLEX (SNAP)
# - /var/snap/plexmediaserver/common/Library/Application Support/Plex Media Server/Cache
# - /var/snap/plexmediaserver/common/Library/Application Support/Plex Media Server/Crash Reports
# - /var/snap/plexmediaserver/common/Library/Application Support/Plex Media Server/Diagnostics
# - /var/snap/plexmediaserver/common/Library/Application Support/Plex Media Server/Logs

# NEXTCLOUD
- /var/snap/nextcloud/common/nextcloud/data/*/files_trashbin

# DIRETÓRIOS PARA BACKUP 

# PLEX (.DEB)
+ /var/lib/plexmediaserver/Library/Application Support/Plex Media Server

# PLEX (SNAP)
# + /var/snap/plexmediaserver/common/Library/Application Support/Plex Media Server/

# NEXTCLOUD - CONFIGURAÇÕES
+ /var/snap/nextcloud/common/backups/*.tar.gz

# DIRETÓRIO DE DADOS. CASO TENHA MOVIDO SUA PASTA ./nextcloud/data PARA OUTRO LOCAL ALTERE O CAMINHO ABAIXO
+ /var/snap/nextcloud/common/nextcloud/data

# NÃO INCLUIR MAIS NENHUM ARQUIVO
- **
